../Core/Src/main.c:88:5:main	8	static
../Core/Src/main.c:190:6:SystemClock_Config	88	static
../Core/Src/main.c:237:13:MX_ADC1_Init	24	static
../Core/Src/main.c:289:13:MX_TIM1_Init	56	static
../Core/Src/main.c:339:13:MX_TIM2_Init	56	static
../Core/Src/main.c:388:13:MX_TIM4_Init	48	static
../Core/Src/main.c:449:13:MX_USART1_UART_Init	8	static
../Core/Src/main.c:482:13:MX_USART2_UART_Init	8	static
../Core/Src/main.c:513:13:MX_DMA_Init	16	static
../Core/Src/main.c:531:13:MX_GPIO_Init	48	static
../Core/Src/main.c:591:6:Error_Handler	4	static,ignoring_inline_asm
